[    0.000000] Initializing cgroup subsys cpuset
[    0.000000] Initializing cgroup subsys cpu
[    0.000000] Initializing cgroup subsys cpuacct
[    0.000000] Linux version 4.4.0-119-generic (buildd@lcy01-amd64-013) (gcc version 5.4.0 20160609 (Ubuntu 5.4.0-6ubuntu1~16.04.9) ) #143-Ubuntu SMP Mon Apr 2 16:08:24 UTC 2018 (Ubuntu 4.4.0-119.143-generic 4.4.114)
[    0.000000] Command line: BOOT_IMAGE=/boot/vmlinuz-4.4.0-119-generic root=LABEL=cloudimg-rootfs ro console=tty1 console=ttyS0
[    0.000000] KERNEL supported cpus:
[    0.000000]   Intel GenuineIntel
[    0.000000]   AMD AuthenticAMD
[    0.000000]   Centaur CentaurHauls
[    0.000000] x86/fpu: Legacy x87 FPU detected.
[    0.000000] x86/fpu: Using 'lazy' FPU context switches.
[    0.000000] e820: BIOS-provided physical RAM map:
[    0.000000] BIOS-e820: [mem 0x0000000000000000-0x000000000009fbff] usable
[    0.000000] BIOS-e820: [mem 0x000000000009fc00-0x000000000009ffff] reserved
[    0.000000] BIOS-e820: [mem 0x00000000000f0000-0x00000000000fffff] reserved
[    0.000000] BIOS-e820: [mem 0x0000000000100000-0x000000003ffeffff] usable
[    0.000000] BIOS-e820: [mem 0x000000003fff0000-0x000000003fffffff] ACPI data
[    0.000000] BIOS-e820: [mem 0x00000000fec00000-0x00000000fec00fff] reserved
[    0.000000] BIOS-e820: [mem 0x00000000fee00000-0x00000000fee00fff] reserved
[    0.000000] BIOS-e820: [mem 0x00000000fffc0000-0x00000000ffffffff] reserved
[    0.000000] NX (Execute Disable) protection: active
[    0.000000] SMBIOS 2.5 present.
[    0.000000] Hypervisor detected: KVM
[    0.000000] e820: last_pfn = 0x3fff0 max_arch_pfn = 0x400000000
[    0.000000] MTRR: Disabled
[    0.000000] x86/PAT: MTRRs disabled, skipping PAT initialization too.
[    0.000000] CPU MTRRs all blank - virtualized system.
[    0.000000] x86/PAT: Configuration [0-7]: WB  WT  UC- UC  WB  WT  UC- UC  
[    0.000000] found SMP MP-table at [mem 0x0009fff0-0x0009ffff] mapped at [ffff88000009fff0]
[    0.000000] Scanning 1 areas for low memory corruption
[    0.000000] RAMDISK: [mem 0x36aa4000-0x37549fff]
[    0.000000] ACPI: Early table checksum verification disabled
[    0.000000] ACPI: RSDP 0x00000000000E0000 000024 (v02 VBOX  )
[    0.000000] ACPI: XSDT 0x000000003FFF0030 00003C (v01 VBOX   VBOXXSDT 00000001 ASL  00000061)
[    0.000000] ACPI: FACP 0x000000003FFF00F0 0000F4 (v04 VBOX   VBOXFACP 00000001 ASL  00000061)
[    0.000000] ACPI: DSDT 0x000000003FFF0470 0021FF (v02 VBOX   VBOXBIOS 00000002 INTL 20100528)
[    0.000000] ACPI: FACS 0x000000003FFF0200 000040
[    0.000000] ACPI: FACS 0x000000003FFF0200 000040
[    0.000000] ACPI: APIC 0x000000003FFF0240 00005C (v02 VBOX   VBOXAPIC 00000001 ASL  00000061)
[    0.000000] ACPI: SSDT 0x000000003FFF02A0 0001CC (v01 VBOX   VBOXCPUT 00000002 INTL 20100528)
[    0.000000] No NUMA configuration found
[    0.000000] Faking a node at [mem 0x0000000000000000-0x000000003ffeffff]
[    0.000000] NODE_DATA(0) allocated [mem 0x3ffeb000-0x3ffeffff]
[    0.000000] kvm-clock: Using msrs 4b564d01 and 4b564d00
[    0.000000] kvm-clock: cpu 0, msr 0:3ffe3001, primary cpu clock
[    0.000000] kvm-clock: using sched offset of 4446253416 cycles
[    0.000000] clocksource: kvm-clock: mask: 0xffffffffffffffff max_cycles: 0x1cd42e4dffb, max_idle_ns: 881590591483 ns
[    0.000000] Zone ranges:
[    0.000000]   DMA      [mem 0x0000000000001000-0x0000000000ffffff]
[    0.000000]   DMA32    [mem 0x0000000001000000-0x000000003ffeffff]
[    0.000000]   Normal   empty
[    0.000000]   Device   empty
[    0.000000] Movable zone start for each node
[    0.000000] Early memory node ranges
[    0.000000]   node   0: [mem 0x0000000000001000-0x000000000009efff]
[    0.000000]   node   0: [mem 0x0000000000100000-0x000000003ffeffff]
[    0.000000] Initmem setup node 0 [mem 0x0000000000001000-0x000000003ffeffff]
[    0.000000] ACPI: PM-Timer IO Port: 0x4008
[    0.000000] IOAPIC[0]: apic_id 2, version 32, address 0xfec00000, GSI 0-23
[    0.000000] ACPI: INT_SRC_OVR (bus 0 bus_irq 0 global_irq 2 dfl dfl)
[    0.000000] ACPI: INT_SRC_OVR (bus 0 bus_irq 9 global_irq 9 high level)
[    0.000000] Using ACPI (MADT) for SMP configuration information
[    0.000000] smpboot: Allowing 2 CPUs, 0 hotplug CPUs
[    0.000000] PM: Registered nosave memory: [mem 0x00000000-0x00000fff]
[    0.000000] PM: Registered nosave memory: [mem 0x0009f000-0x0009ffff]
[    0.000000] PM: Registered nosave memory: [mem 0x000a0000-0x000effff]
[    0.000000] PM: Registered nosave memory: [mem 0x000f0000-0x000fffff]
[    0.000000] e820: [mem 0x40000000-0xfebfffff] available for PCI devices
[    0.000000] Booting paravirtualized kernel on KVM
[    0.000000] clocksource: refined-jiffies: mask: 0xffffffff max_cycles: 0xffffffff, max_idle_ns: 7645519600211568 ns
[    0.000000] setup_percpu: NR_CPUS:512 nr_cpumask_bits:512 nr_cpu_ids:2 nr_node_ids:1
[    0.000000] PERCPU: Embedded 34 pages/cpu @ffff88003fc00000 s99544 r8192 d31528 u1048576
[    0.000000] PV qspinlock hash table entries: 256 (order: 0, 4096 bytes)
[    0.000000] Built 1 zonelists in Node order, mobility grouping on.  Total pages: 257912
[    0.000000] Policy zone: DMA32
[    0.000000] Kernel command line: BOOT_IMAGE=/boot/vmlinuz-4.4.0-119-generic root=LABEL=cloudimg-rootfs ro console=tty1 console=ttyS0
[    0.000000] PID hash table entries: 4096 (order: 3, 32768 bytes)
[    0.000000] Memory: 1001620K/1048120K available (8532K kernel code, 1313K rwdata, 3996K rodata, 1508K init, 1316K bss, 46500K reserved, 0K cma-reserved)
[    0.000000] SLUB: HWalign=64, Order=0-3, MinObjects=0, CPUs=2, Nodes=1
[    0.000000] Kernel/User page tables isolation: enabled
[    0.000000] Hierarchical RCU implementation.
[    0.000000] 	Build-time adjustment of leaf fanout to 64.
[    0.000000] 	RCU restricting CPUs from NR_CPUS=512 to nr_cpu_ids=2.
[    0.000000] RCU: Adjusting geometry for rcu_fanout_leaf=64, nr_cpu_ids=2
[    0.000000] NR_IRQS:33024 nr_irqs:440 16
[    0.000000] Console: colour VGA+ 80x25
[    0.000000] console [tty1] enabled
[    0.000000] console [ttyS0] enabled
[    0.000000] tsc: Detected 2666.758 MHz processor
[    1.817896] Calibrating delay loop (skipped) preset value.. 5333.51 BogoMIPS (lpj=10667032)
[    1.831388] pid_max: default: 32768 minimum: 301
[    1.834132] ACPI: Core revision 20150930
[    1.849262] ACPI: 2 ACPI AML tables successfully acquired and loaded
[    1.944519] Security Framework initialized
[    1.994340] Yama: becoming mindful.
[    1.995168] AppArmor: AppArmor initialized
[    1.996169] Dentry cache hash table entries: 131072 (order: 8, 1048576 bytes)
[    2.053998] Inode-cache hash table entries: 65536 (order: 7, 524288 bytes)
[    2.087266] Mount-cache hash table entries: 2048 (order: 2, 16384 bytes)
[    2.133502] Mountpoint-cache hash table entries: 2048 (order: 2, 16384 bytes)
[    2.147192] Initializing cgroup subsys io
[    2.174528] Initializing cgroup subsys memory
[    2.182061] Initializing cgroup subsys devices
[    2.182973] Initializing cgroup subsys freezer
[    2.203769] Initializing cgroup subsys net_cls
[    2.228129] Initializing cgroup subsys perf_event
[    2.254665] Initializing cgroup subsys net_prio
[    2.291293] Initializing cgroup subsys hugetlb
[    2.311949] Initializing cgroup subsys pids
[    2.319440] CPU: Physical Processor ID: 0
[    2.337755] CPU: Processor Core ID: 0
[    2.370050] FEATURE SPEC_CTRL Not Present
[    2.392549] mce: CPU supports 0 MCE banks
[    2.403595] Last level iTLB entries: 4KB 512, 2MB 7, 4MB 7
[    2.485641] Last level dTLB entries: 4KB 512, 2MB 32, 4MB 32, 1GB 0
[    2.536092] Spectre V2 mitigation: Mitigation: Full generic retpoline
[    2.580746] Spectre V2 mitigation: Speculation control IBPB not-supported IBRS not-supported
[    2.604013] Freeing SMP alternatives memory: 32K
[    2.643966] ftrace: allocating 32195 entries in 126 pages
[    2.771602] smpboot: APIC(0) Converting physical 0 to logical package 0
[    2.866328] smpboot: Max logical packages: 1
[    2.943604] x2apic enabled
[    2.995623] Switched APIC routing to physical x2apic.
[    3.070199] ..TIMER: vector=0x30 apic1=0 pin1=2 apic2=-1 pin2=-1
[    3.234163] smpboot: CPU0: Intel(R) Core(TM) i5 CPU         750  @ 2.67GHz (family: 0x6, model: 0x1e, stepping: 0x5)
[    3.341389] Performance Events: unsupported p6 CPU model 30 no PMU driver, software events only.
[    3.439774] KVM setup paravirtual spinlock
[    3.492945] x86: Booting SMP configuration:
[    3.546452] .... node  #0, CPUs:      #1
[    3.584817] kvm-clock: cpu 1, msr 0:3ffe3041, secondary cpu clock
[    3.642903] mce: CPU supports 0 MCE banks
[    3.678914] x86: Booted up 1 node, 2 CPUs
[    3.721382] smpboot: Total of 2 processors activated (10667.03 BogoMIPS)
[    3.851888] devtmpfs: initialized
[    3.915030] evm: security.selinux
[    3.987128] evm: security.SMACK64
[    4.048629] evm: security.SMACK64EXEC
[    4.124732] evm: security.SMACK64TRANSMUTE
[    4.196819] evm: security.SMACK64MMAP
[    4.257143] evm: security.ima
[    4.310068] evm: security.capability
[    4.353712] clocksource: jiffies: mask: 0xffffffff max_cycles: 0xffffffff, max_idle_ns: 7645041785100000 ns
[    4.393017] futex hash table entries: 512 (order: 3, 32768 bytes)
[    4.491448] pinctrl core: initialized pinctrl subsystem
[    4.494745] RTC time:  0:08:09, date: 04/18/18
[    4.496073] NET: Registered protocol family 16
[    4.567282] cpuidle: using governor ladder
[    4.586825] cpuidle: using governor menu
[    4.627485] PCCT header not found.
[    4.671737] ACPI: bus type PCI registered
[    4.762231] acpiphp: ACPI Hot Plug PCI Controller Driver version: 0.5
[    4.877853] PCI: Using configuration type 1 for base access
[    4.960561] ACPI: Added _OSI(Module Device)
[    5.012224] ACPI: Added _OSI(Processor Device)
[    5.063783] ACPI: Added _OSI(3.0 _SCP Extensions)
[    5.143163] ACPI: Added _OSI(Processor Aggregator Device)
[    5.197515] ACPI: Executed 1 blocks of module-level executable AML code
[    5.252393] ACPI: Interpreter enabled
[    5.301711] ACPI: (supports S0 S5)
[    5.335495] ACPI: Using IOAPIC for interrupt routing
[    5.391103] PCI: Using host bridge windows from ACPI; if necessary, use "pci=nocrs" and report a bug
[    5.411534] ACPI: PCI Root Bridge [PCI0] (domain 0000 [bus 00-ff])
[    5.415824] acpi PNP0A03:00: _OSC: OS supports [ASPM ClockPM Segments MSI]
[    5.428136] acpi PNP0A03:00: _OSC: not requesting OS control; OS requires [ExtendedConfig ASPM ClockPM MSI]
[    5.508857] acpi PNP0A03:00: fail to add MMCONFIG information, can't access extended PCI configuration space under this bridge.
[    5.573986] PCI host bridge to bus 0000:00
[    5.593025] pci_bus 0000:00: root bus resource [io  0x0000-0x0cf7 window]
[    5.599439] pci_bus 0000:00: root bus resource [io  0x0d00-0xffff window]
[    5.621359] pci_bus 0000:00: root bus resource [mem 0x000a0000-0x000bffff window]
[    5.623319] pci_bus 0000:00: root bus resource [mem 0x40000000-0xffdfffff window]
[    5.647496] pci_bus 0000:00: root bus resource [bus 00-ff]
[    5.729820] pci 0000:00:01.1: legacy IDE quirk: reg 0x10: [io  0x01f0-0x01f7]
[    5.749713] pci 0000:00:01.1: legacy IDE quirk: reg 0x14: [io  0x03f6]
[    5.758160] pci 0000:00:01.1: legacy IDE quirk: reg 0x18: [io  0x0170-0x0177]
[    5.768126] pci 0000:00:01.1: legacy IDE quirk: reg 0x1c: [io  0x0376]
[    5.789186] pci 0000:00:07.0: quirk: [io  0x4000-0x403f] claimed by PIIX4 ACPI
[    5.836252] pci 0000:00:07.0: quirk: [io  0x4100-0x410f] claimed by PIIX4 SMB
[    5.869815] ACPI: PCI Interrupt Link [LNKA] (IRQs 5 9 10 *11)
[    5.899296] ACPI: PCI Interrupt Link [LNKB] (IRQs 5 9 10 *11)
[    5.966183] ACPI: PCI Interrupt Link [LNKC] (IRQs 5 9 *10 11)
[    6.035280] ACPI: PCI Interrupt Link [LNKD] (IRQs 5 *9 10 11)
[    6.085076] ACPI: Enabled 2 GPEs in block 00 to 07
[    6.118570] vgaarb: setting as boot device: PCI:0000:00:02.0
[    6.123790] vgaarb: device added: PCI:0000:00:02.0,decodes=io+mem,owns=io+mem,locks=none
[    6.144905] vgaarb: loaded
[    6.145725] vgaarb: bridge control possible 0000:00:02.0
[    6.147395] SCSI subsystem initialized
[    6.156205] ACPI: bus type USB registered
[    6.161701] usbcore: registered new interface driver usbfs
[    6.203211] usbcore: registered new interface driver hub
[    6.240324] usbcore: registered new device driver usb
[    6.268920] PCI: Using ACPI for IRQ routing
[    6.301249] NetLabel: Initializing
[    6.302079] NetLabel:  domain hash size = 128
[    6.303074] NetLabel:  protocols = UNLABELED CIPSOv4
[    6.345562] NetLabel:  unlabeled traffic allowed by default
[    6.352396] amd_nb: Cannot enumerate AMD northbridges
[    6.353779] clocksource: Switched to clocksource kvm-clock
[    6.406021] AppArmor: AppArmor Filesystem Enabled
[    6.522741] pnp: PnP ACPI init
[    6.547984] pnp: PnP ACPI: found 3 devices
[    6.574373] clocksource: acpi_pm: mask: 0xffffff max_cycles: 0xffffff, max_idle_ns: 2085701024 ns
[    6.631338] NET: Registered protocol family 2
[    6.635949] TCP established hash table entries: 8192 (order: 4, 65536 bytes)
[    6.645973] TCP bind hash table entries: 8192 (order: 5, 131072 bytes)
[    6.651134] TCP: Hash tables configured (established 8192 bind 8192)
[    6.676348] UDP hash table entries: 512 (order: 2, 16384 bytes)
[    6.677536] UDP-Lite hash table entries: 512 (order: 2, 16384 bytes)
[    6.715359] NET: Registered protocol family 1
[    6.716368] pci 0000:00:00.0: Limiting direct PCI/PCI transfers
[    6.719298] pci 0000:00:01.0: Activating ISA DMA hang workarounds
[    6.741164] Unpacking initramfs...
[    9.535167] Freeing initrd memory: 10904K
[    9.536675] platform rtc_cmos: registered platform RTC device (no PNP device found)
[    9.556281] Scanning for low memory corruption every 60 seconds
[    9.578506] audit: initializing netlink subsys (disabled)
[    9.590485] audit: type=2000 audit(1524010095.432:1): initialized
[    9.604561] Initialise system trusted keyring
[    9.614029] HugeTLB registered 2 MB page size, pre-allocated 0 pages
[    9.621548] zbud: loaded
[    9.635614] VFS: Disk quotas dquot_6.6.0
[    9.664500] VFS: Dquot-cache hash table entries: 512 (order 0, 4096 bytes)
[    9.675072] squashfs: version 4.0 (2009/01/31) Phillip Lougher
[    9.681653] fuse init (API version 7.23)
[    9.700153] Key type big_key registered
[    9.715127] Allocating IMA MOK and blacklist keyrings.
[    9.727624] Key type asymmetric registered
[    9.729822] Asymmetric key parser 'x509' registered
[    9.790806] Block layer SCSI generic (bsg) driver version 0.4 loaded (major 249)
[    9.808519] io scheduler noop registered
[    9.823242] io scheduler deadline registered (default)
[    9.831941] io scheduler cfq registered
[    9.834775] pci_hotplug: PCI Hot Plug PCI Core version: 0.5
[    9.871546] pciehp: PCI Express Hot Plug Controller Driver version: 0.4
[    9.878664] ACPI: AC Adapter [AC] (on-line)
[    9.887242] input: Power Button as /devices/LNXSYSTM:00/LNXPWRBN:00/input/input0
[    9.891511] ACPI: Power Button [PWRF]
[    9.895137] input: Sleep Button as /devices/LNXSYSTM:00/LNXSLPBN:00/input/input1
[    9.900874] ACPI: Sleep Button [SLPF]
[    9.908134] GHES: HEST is not enabled!
[    9.909492] Serial: 8250/16550 driver, 32 ports, IRQ sharing enabled
[    9.964703] 00:02: ttyS0 at I/O 0x3f8 (irq = 4, base_baud = 115200) is a 16550A
[    9.980275] Linux agpgart interface v0.103
[    9.997625] loop: module loaded
[   10.016425] scsi host0: ata_piix
[   10.019831] scsi host1: ata_piix
[   10.035110] ata1: PATA max UDMA/33 cmd 0x1f0 ctl 0x3f6 bmdma 0xd000 irq 14
[   10.045628] ata2: PATA max UDMA/33 cmd 0x170 ctl 0x376 bmdma 0xd008 irq 15
[   10.055082] libphy: Fixed MDIO Bus: probed
[   10.059001] tun: Universal TUN/TAP device driver, 1.6
[   10.065499] tun: (C) 1999-2004 Max Krasnyansky <maxk@qualcomm.com>
[   10.080367] PPP generic driver version 2.4.2
[   10.096143] ehci_hcd: USB 2.0 'Enhanced' Host Controller (EHCI) Driver
[   10.110913] ehci-pci: EHCI PCI platform driver
[   10.115063] ehci-platform: EHCI generic platform driver
[   10.122070] ohci_hcd: USB 1.1 'Open' Host Controller (OHCI) Driver
[   10.130143] ohci-pci: OHCI PCI platform driver
[   10.141710] ohci-platform: OHCI generic platform driver
[   10.161588] uhci_hcd: USB Universal Host Controller Interface driver
[   10.168470] i8042: PNP: PS/2 Controller [PNP0303:PS2K,PNP0f03:PS2M] at 0x60,0x64 irq 1,12
[   10.185268] serio: i8042 KBD port at 0x60,0x64 irq 1
[   10.199581] serio: i8042 AUX port at 0x60,0x64 irq 12
[   10.218637] mousedev: PS/2 mouse device common for all mice
[   10.247172] input: AT Translated Set 2 keyboard as /devices/platform/i8042/serio0/input/input2
[   10.258554] rtc_cmos rtc_cmos: rtc core: registered rtc_cmos as rtc0
[   10.258637] rtc_cmos rtc_cmos: alarms up to one day, 114 bytes nvram
[   10.258647] i2c /dev entries driver
[   10.258707] device-mapper: uevent: version 1.0.3
[   10.258771] device-mapper: ioctl: 4.34.0-ioctl (2015-10-28) initialised: dm-devel@redhat.com
[   10.258791] ledtrig-cpu: registered to indicate activity on CPUs
[   10.259126] NET: Registered protocol family 10
[   10.259280] NET: Registered protocol family 17
[   10.259289] Key type dns_resolver registered
[   10.259555] registered taskstats version 1
[   10.259569] Loading compiled-in X.509 certificates
[   10.260474] Loaded X.509 cert 'Build time autogenerated kernel key: f854e06633b5f496ced5b2e02c7b14f761b69302'
[   10.260492] zswap: loaded using pool lzo/zbud
[   10.262416] Key type trusted registered
[   10.265888] Key type encrypted registered
[   10.265893] AppArmor: AppArmor sha1 policy hashing enabled
[   10.265895] ima: No TPM chip found, activating TPM-bypass!
[   10.265916] evm: HMAC attrs: 0x1
[   10.266681]   Magic number: 14:400:102
[   10.274892] rtc_cmos rtc_cmos: setting system clock to 2018-04-18 00:08:15 UTC (1524010095)
[   10.275016] BIOS EDD facility v0.16 2004-Jun-25, 0 devices found
[   10.275016] EDD information not available.
[   10.480854] Freeing unused kernel memory: 1508K
[   10.488008] Write protecting the kernel read-only data: 14336k
[   10.511724] Freeing unused kernel memory: 1696K
[   10.515514] Freeing unused kernel memory: 100K
Loading, please wait...
[   10.533865] tsc: Refined TSC clocksource calibration: 2666.953 MHz
[   10.544121] clocksource: tsc: mask: 0xffffffffffffffff max_cycles: 0x26714c210c9, max_idle_ns: 440795331215 ns
starting version[   10.584775] random: systemd-udevd: uninitialized urandom read (16 bytes read, 3 bits of entropy available)
 229
[   10.585562] random: udevadm: uninitialized urandom read (16 bytes read, 3 bits of entropy available)
[   10.585618] random: udevadm: uninitialized urandom read (16 bytes read, 3 bits of entropy available)
[   10.601527] random: udevadm: uninitialized urandom read (16 bytes read, 3 bits of entropy available)
[   10.601610] random: udevadm: uninitialized urandom read (16 bytes read, 3 bits of entropy available)
[   10.601807] random: udevadm: uninitialized urandom read (16 bytes read, 3 bits of entropy available)
[   10.601883] random: udevadm: uninitialized urandom read (16 bytes read, 3 bits of entropy available)
[   10.601959] random: udevadm: uninitialized urandom read (16 bytes read, 3 bits of entropy available)
[   10.602036] random: udevadm: uninitialized urandom read (16 bytes read, 3 bits of entropy available)
[   10.602237] random: udevadm: uninitialized urandom read (16 bytes read, 3 bits of entropy available)
[   10.802394] e1000: Intel(R) PRO/1000 Network Driver - version 7.3.21-k8-NAPI
[   10.809461] e1000: Copyright (c) 1999-2006 Intel Corporation.
[   10.809523] Fusion MPT base driver 3.04.20
[   10.809524] Copyright (c) 1999-2008 LSI Corporation
[   10.852567] Fusion MPT SPI Host driver 3.04.20
[   11.043233] input: ImExPS/2 Generic Explorer Mouse as /devices/platform/i8042/serio1/input/input4
[   11.276221] e1000 0000:00:03.0 eth0: (PCI:33MHz:32-bit) 02:39:99:10:d1:5e
[   11.277740] e1000 0000:00:03.0 eth0: Intel(R) PRO/1000 Network Connection
[   11.281637] mptbase: ioc0: Initiating bringup
[   11.354781] ioc0: LSI53C1030 A0: Capabilities={Initiator}
[   11.519658] scsi host2: ioc0: LSI53C1030 A0, FwRev=00000000h, Ports=1, MaxQ=256, IRQ=20
[   11.646467] scsi 2:0:0:0: Direct-Access     VBOX     HARDDISK         1.0  PQ: 0 ANSI: 5
[   11.666227] scsi target2:0:0: Beginning Domain Validation
[   11.680192] scsi target2:0:0: Domain Validation skipping write tests
[   11.683190] scsi target2:0:0: Ending Domain Validation
[   11.715445] scsi target2:0:0: asynchronous
[   11.738185] scsi 2:0:1:0: Direct-Access     VBOX     HARDDISK         1.0  PQ: 0 ANSI: 5
[   11.771915] scsi target2:0:1: Beginning Domain Validation
[   11.798985] scsi target2:0:1: Domain Validation skipping write tests
[   11.810000] scsi target2:0:1: Ending Domain Validation
[   11.818868] scsi target2:0:1: asynchronous
[   11.860616] sd 2:0:0:0: Attached scsi generic sg0 type 0
[   11.876877] sd 2:0:0:0: [sda] 20971520 512-byte logical blocks: (10.7 GB/10.0 GiB)
[   11.913897] sd 2:0:1:0: Attached scsi generic sg1 type 0
[   11.924839] sd 2:0:0:0: [sda] Write Protect is off
[   11.929765] sd 2:0:1:0: [sdb] 20480 512-byte logical blocks: (10.5 MB/10.0 MiB)
[   11.955649] sd 2:0:0:0: [sda] Incomplete mode parameter data
[   11.965579] sd 2:0:0:0: [sda] Assuming drive cache: write through
[   11.986102] sd 2:0:1:0: [sdb] Write Protect is off
[   12.000830] sd 2:0:1:0: [sdb] Incomplete mode parameter data
[   12.010680] sd 2:0:1:0: [sdb] Assuming drive cache: write through
[   12.033289]  sda: sda1
[   12.048393] sd 2:0:0:0: [sda] Attached SCSI disk
[   12.054014] sd 2:0:1:0: [sdb] Attached SCSI disk
[   12.130752] e1000 0000:00:08.0 eth1: (PCI:33MHz:32-bit) 08:00:27:3f:46:a4
[   12.136447] e1000 0000:00:08.0 eth1: Intel(R) PRO/1000 Network Connection
[   12.146353] e1000 0000:00:03.0 enp0s3: renamed from eth0
[   12.175558] e1000 0000:00:08.0 enp0s8: renamed from eth1
[   13.842027] floppy0: no floppy controllers found
Begin: Loading e[   15.254111] md: linear personality registered for level -1
ssential drivers ... [   15.282091] md: multipath personality registered for level -4
[   15.286787] md: raid0 personality registered for level 0
[   15.303808] md: raid1 personality registered for level 1
[   15.386061] raid6: sse2x1   gen()  6171 MB/s
[   15.494154] raid6: sse2x1   xor()  5173 MB/s
[   15.598150] raid6: sse2x2   gen()  7818 MB/s
[   15.741928] raid6: sse2x2   xor()  6517 MB/s
[   15.821972] raid6: sse2x4   gen()  9018 MB/s
[   15.930441] raid6: sse2x4   xor()  6986 MB/s
[   15.939320] raid6: using algorithm sse2x4 gen() 9018 MB/s
[   15.953552] raid6: .... xor() 6986 MB/s, rmw enabled
[   15.987329] raid6: using ssse3x2 recovery algorithm
[   16.013421] xor: measuring software checksum speed
[   16.073935]    prefetch64-sse: 10182.000 MB/sec
[   16.117953]    generic_sse:  8652.000 MB/sec
[   16.125881] xor: using function: prefetch64-sse (10182.000 MB/sec)
[   16.140262] async_tx: api initialized (async)
[   16.157781] md: raid6 personality registered for level 6
[   16.171986] md: raid5 personality registered for level 5
[   16.181993] md: raid4 personality registered for level 4
[   16.192162] md: raid10 personality registered for level 10
done.
Begin: Running /scripts/init-premount ... done.
Begin: Mounting root file system ... Begin: Running /scripts/local-top ... done.
Begin: [   16.240832] Btrfs loaded
Running /scripts/local-premount ... Scanning for Btrfs filesystems
done.
Warning: fsck not present, so skipping root file[   16.291112] EXT4-fs (sda1): mounted filesystem with ordered data mode. Opts: (null)
 system
done.
Begin: Running /scripts/local-bottom ... done.
Begin: Running /scripts/init-bottom ... done.
[   16.461050] systemd[1]: systemd 229 running in system mode. (+PAM +AUDIT +SELINUX +IMA +APPARMOR +SMACK +SYSVINIT +UTMP +LIBCRYPTSETUP +GCRYPT +GNUTLS +ACL +XZ -LZ4 +SECCOMP +BLKID +ELFUTILS +KMOD -IDN)
[   16.508585] systemd[1]: Detected virtualization oracle.
[   16.514998] systemd[1]: Detected architecture x86-64.

Welcome to [1mUbuntu 16.04.4 LTS[0m!

[   16.532325] systemd[1]: Set hostname to <ubuntu-xenial>.
[   16.738455] systemd[1]: Set up automount Arbitrary Executable File Formats File System Automount Point.
[[0;32m  OK  [0m] Set up automount Arbitrary Executab...ats File System Automount Point.
[   16.830871] systemd[1]: Created slice User and Session Slice.
[[0;32m  OK  [0m] Created slice User and Session Slice.
[   16.906519] systemd[1]: Listening on udev Control Socket.
[[0;32m  OK  [0m] Listening on udev Control Socket.
[   16.950653] systemd[1]: Created slice System Slice.
[[0;32m  OK  [0m] Created slice System Slice.
[   16.970142] systemd[1]: Listening on Journal Socket.
[[0;32m  OK  [0m] Listening on Journal Socket.
[   17.014031] systemd[1]: Starting Set console keymap...
         Starting Set console keymap...
[   17.055266] systemd[1]: Mounting Huge Pages File System...
         Mounting Huge Pages File System...
[   17.068209] systemd[1]: Starting Uncomplicated firewall...
         Starting Uncomplicated firewall...
[   17.119563] systemd[1]: Reached target User and Group Name Lookups.
[[0;32m  OK  [0m] Reached target User and Group Name Lookups.
[   17.154045] systemd[1]: Starting Create list of required static device nodes for the current kernel...
         Starting Create list of required st... nodes for the current kernel...
[   17.198558] systemd[1]: Listening on /dev/initctl Compatibility Named Pipe.
[[0;32m  OK  [0m] Listening on /dev/initctl Compatibility Named Pipe.
[   17.218209] systemd[1]: Listening on LVM2 poll daemon socket.
[[0;32m  OK  [0m] Listening on LVM2 poll daemon socket.
[   17.224709] systemd[1]: Reached target Encrypted Volumes.
[[0;32m  OK  [0m] Reached target Encrypted Volumes.
[   17.239767] systemd[1]: Listening on Journal Audit Socket.
[[0;32m  OK  [0m] Listening on Journal Audit Socket.
[   17.306145] systemd[1]: Starting Load Kernel Modules...
         Starting Load Kernel Modules...
[   17.316910] systemd[1]: Starting Remount Root and Kernel File Systems...
         [   17.341945] EXT4-fs (sda1): re-mounted. Opts: (null)
Starting Remount[   17.378533] Loading iSCSI transport class v2.0-870.
 Root and Kernel[   17.413292] iscsi: registered transport (tcp)
 File Systems...
[   17.446527] systemd[1]: Started Trigger resolvconf update for networkd DNS.
[   17.456693] iscsi: registered transport (iser)
[[0;32m  OK  [0m] Started Trigger resolvconf update for networkd DNS.
[   17.475570] systemd[1]: Started Forward Password Requests to Wall Directory Watch.
[[0;32m  OK  [0m] Started Forward Password Requests to Wall Directory Watch.
[   17.502643] systemd[1]: Listening on Syslog Socket.
[[0;32m  OK  [0m] Listening on Syslog Socket.
[   17.526782] systemd[1]: Listening on udev Kernel Socket.
[[0;32m  OK  [0m] Listening on udev Kernel Socket.
[   17.529880] systemd[1]: Reached target Swap.
[[0;32m  OK  [0m] Reached target Swap.
[   17.532428] systemd[1]: Listening on Journal Socket (/dev/log).
[[0;32m  OK  [0m] Listening on Journal Socket (/dev/log).
[   17.546527] systemd[1]: Starting Journal Service...
         Starting Journal Service...
[   17.638926] systemd[1]: Mounting Debug File System...
         Mounting Debug File System...
[   17.706985] systemd[1]: Listening on Device-mapper event daemon FIFOs.
[[0;32m  OK  [0m] Listening on Device-mapper event daemon FIFOs.
[   17.885983] systemd[1]: Starting Nameserver information manager...
         Starting Nameserver information manager...
[   17.942734] systemd[1]: Created slice system-serial\x2dgetty.slice.
[[0;32m  OK  [0m] Created slice system-serial\x2dgetty.slice.
[   18.072311] systemd[1]: Reached target Slices.
[[0;32m  OK  [0m] Reached target Slices.
[   18.080366] systemd[1]: Listening on LVM2 metadata daemon socket.
[[0;32m  OK  [0m] Listening on LVM2 metadata daemon socket.
[   18.146025] systemd[1]: Starting Monitoring of LVM2 mirrors, snapshots etc. using dmeventd or progress polling...
[   18.164138] random: nonblocking pool is initialized
         Starting Monitoring of LVM2 mirrors... dmeventd or progress polling...
[   18.219206] systemd[1]: Mounting POSIX Message Queue File System...
         Mounting POSIX Message Queue File System...
[   18.295816] systemd[1]: Mounted Debug File System.
[[0;32m  OK  [0m] Mounted Debug File System.
[   18.322407] systemd[1]: Mounted POSIX Message Queue File System.
[[0;32m  OK  [0m] Mounted POSIX Message Queue File System.
[   18.366384] systemd[1]: Mounted Huge Pages File System.
[[0;32m  OK  [0m] Mounted Huge Pages File System.
[   18.398441] systemd[1]: Started Journal Service.
[[0;32m  OK  [0m] Started Journal Service.
[[0;32m  OK  [0m] Started Set console keymap.
[[0;32m  OK  [0m] Started Uncomplicated firewall.
[[0;32m  OK  [0m] Started Create list of required sta...ce nodes for the current kernel.
[[0;32m  OK  [0m] Started Load Kernel Modules.
[[0;32m  OK  [0m] Started Remount Root and Kernel File Systems.
[[0;32m  OK  [0m] Started Nameserver information manager.
[[0;32m  OK  [0m] Started LVM2 metadata daemon.
         Starting Load/Save Random Seed...
         Starting udev Coldplug all Devices...
         Starting Initial cloud-init job (pre-networking)...
         Mounting FUSE Control File System...
         Starting Apply Kernel Variables...
         Starting Create Static Device Nodes in /dev...
         Starting Flush Journal to Persistent Storage...
[[0;32m  OK  [0m] Mounted FUSE Control File System.
[[0;32m  OK  [0m] Started Load/Save Random Seed.
[[0;32m  OK  [0m] Started Monitoring of LVM2 mirrors,...ng dmeventd or progress polling.
[[0;32m  OK  [0m] Started Apply Kernel Variables.
[[0;32m  OK  [0m] Started Create Static Device Nodes in /dev.
[[0;32m  OK  [0m] Started udev Coldplug all Devices.
[[0;32m  OK  [0m] Started Flush Journal to Persistent Storage.
         Starting udev Kernel Device Manager...
[[0;32m  OK  [0m] Started udev Kernel Device Manager.
[[0;32m  OK  [0m] Reached target Local File Systems (Pre).
[[0;32m  OK  [0m] Reached target Local File Systems.
         Starting Tell Plymouth To Write Out Runtime Data...
         Starting LSB: AppArmor initialization...
         Starting Set console font and keymap...
         Starting Create Volatile Files and Directories...
[[0;32m  OK  [0m] Started Dispatch Password Requests to Console Directory Watch.
[[0;32m  OK  [0m] Started Tell Plymouth To Write Out Runtime Data.
[[0;32m  OK  [0m] Started Create Volatile Files and Directories.
         Starting Update UTMP about System Boot/Shutdown...
[[0;32m  OK  [0m] Reached target System Time Synchronized.
[[0;32m  OK  [0m] Started Update UTMP about System Boot/Shutdown.
[[0;32m  OK  [0m] Started LSB: AppArmor initialization.
[[0;32m  OK  [0m] Found device /dev/ttyS0.
[[0;32m  OK  [0m] Found device 82540EM Gigabit Ethern...r (PRO/1000 MT Desktop Adapter).
[[0;32m  OK  [0m] Found device 82540EM Gigabit Ethern...r (PRO/1000 MT Desktop Adapter).
[[0;32m  OK  [0m] Listening on Load/Save RF Kill Switch Status /dev/rfkill Watch.
[[0;32m  OK  [0m] Started Set console font and keymap.
[[0;32m  OK  [0m] Created slice system-getty.slice.
[   15.559091] cloud-init[440]: Cloud-init v. 17.2 running 'init-local' at Wed, 18 Apr 2018 00:08:25 +0000. Up 14.61 seconds.
[[0;32m  OK  [0m] Started Initial cloud-init job (pre-networking).
[[0;32m  OK  [0m] Reached target Network (Pre).
         Starting Raise network interfaces...
[[0;32m  OK  [0m] Started ifup for enp0s3.
[[0;32m  OK  [0m] Started ifup for enp0s8.
[[0;32m  OK  [0m] Started Raise network interfaces.
         Starting Initial cloud-init job (metadata service crawler)...
[[0;32m  OK  [0m] Reached target Network.
[   18.011592] cloud-init[1072]: Cloud-init v. 17.2 running 'init' at Wed, 18 Apr 2018 00:08:28 +0000. Up 17.61 seconds.
[   18.060871] cloud-init[1072]: ci-info: ++++++++++++++++++++++++++++++++++++++Net device info++++++++++++++++++++++++++++++++++++++
[[0;32m  OK  [0m] Started Initial cloud-init job (metadata service crawler).
[[0;32m  OK  [0m] Reached target Cloud-config availability.
[[0;32m  OK  [0m] Reached target System Initialization.
[   18.170670] cloud-init[1072]: ci-info: +--------+------+-----------------------------+---------------+-------+-------------------+
[   18.436748] cloud-init[1072]: ci-info: | Device |  Up  |           Address           |      Mask     | Scope |     Hw-Address    |
[   18.515909] cloud-init[1072]: ci-info: +--------+------+-----------------------------+---------------+-------+-------------------+
[[0;32m  OK  [0m] Listening on UUID daemon activation socket.
[   18.623523] cloud-init[1072]: ci-info: | enp0s3 | True |          10.0.2.15          | 255.255.255.0 |   .   | 02:39:99:10:d1:5e |
[   18.744788] cloud-init[1072]: ci-info: | enp0s3 | True |  fe80::39:99ff:fe10:d15e/64 |       .       |  link | 02:39:99:10:d1:5e |
[   18.796400] cloud-init[1072]: ci-info: | enp0s8 | True |        192.168.33.10        | 255.255.255.0 |   .   | 08:00:27:3f:46:a4 |
[   18.828281] cloud-init[1072]: ci-info: | enp0s8 | True | fe80::a00:27ff:fe3f:46a4/64 |       .       |  link | 08:00:27:3f:46:a4 |
[   18.829027] cloud-init[1072]: ci-info: |   lo   | True |          127.0.0.1          |   255.0.0.0   |   .   |         .         |
[   18.829101] cloud-init[1072]: ci-info: |   lo   | True |           ::1/128           |       .       |  host |         .         |
[   18.829171] cloud-init[1072]: ci-info: +--------+------+-----------------------------+---------------+-------+-------------------+
[   18.829240] cloud-init[1072]: ci-info: ++++++++++++++++++++++++++++Route IPv4 info++++++++++++++++++++++++++++
[   18.829364] cloud-init[1072]: ci-info: +-------+--------------+----------+---------------+-----------+-------+
[   18.829441] cloud-init[1072]: ci-info: | Route | Destination  | Gateway  |    Genmask    | Interface | Flags |
[   18.829519] cloud-init[1072]: ci-info: +-------+--------------+----------+---------------+-----------+-------+
[   18.829589] cloud-init[1072]: ci-info: |   0   |   0.0.0.0    | 10.0.2.2 |    0.0.0.0    |   enp0s3  |   UG  |
[   18.829657] cloud-init[1072]: ci-info: |   1   |   10.0.2.0   | 0.0.0.0  | 255.255.255.0 |   enp0s3  |   U   |
[   18.829724] cloud-init[1072]: ci-info: |   2   | 192.168.33.0 | 0.0.0.0  | 255.255.255.0 |   enp0s8  |   U   |
[   18.829812] cloud-init[1072]: ci-info: +-------+--------------+----------+---------------+-----------+-------+
[[0;32m  OK  [0m] Started Daily apt download activities.
[[0;32m  OK  [0m] Started ACPI Events Check.
[[0;32m  OK  [0m] Reached target Paths.
[[0;32m  OK  [0m] Started Daily Cleanup of Temporary Directories.
         Starting LXD - unix socket.
[[0;32m  OK  [0m] Started Daily apt upgrade and clean activities.
[[0;32m  OK  [0m] Listening on ACPID Listen Socket.
[[0;32m  OK  [0m] Started Timer to automatically refresh installed snaps.
[[0;32m  OK  [0m] Reached target Timers.
         Starting Socket activation for snappy daemon.
[[0;32m  OK  [0m] Listening on D-Bus System Message Bus Socket.
[[0;32m  OK  [0m] Reached target Network is Online.
         Starting iSCSI initiator daemon (iscsid)...
[[0;32m  OK  [0m] Listening on LXD - unix socket.
[[0;32m  OK  [0m] Listening on Socket activation for snappy daemon.
[[0;32m  OK  [0m] Started iSCSI initiator daemon (iscsid).
         Starting Login to default iSCSI targets...
[[0;32m  OK  [0m] Reached target Sockets.
[[0;32m  OK  [0m] Reached target Basic System.
[[0;32m  OK  [0m] Started D-Bus System Message Bus.
         Starting Login Service...
         Starting vboxadd-x11.service...
         Starting /etc/rc.local Compatibility...
         Starting LSB: MD monitoring daemon...
         Starting Accounts Service...
         Starting System Logging Service...
         Starting Apply the settings specified in cloud-config...
         Starting vboxadd.service...
[[0;32m  OK  [0m] Started ACPI event daemon.
[[0;32m  OK  [0m] Started FUSE filesystem for LXC.
         Starting Snappy daemon...
[[0;32m  OK  [0m] Started Unattended Upgrades Shutdown.
         Starting OpenBSD Secure Shell server...
[[0;32m  OK  [0m] Started Regular background program processing daemon.
         Starting LSB: Record successful boot for GRUB...
[[0;32m  OK  [0m] Started Deferred execution scheduler.
         Starting LXD - container startup/shutdown...
[[0;32m  OK  [0m] Started System Logging Service.
[[0;32m  OK  [0m] Started OpenBSD Secure Shell server.
[[0;32m  OK  [0m] Started Snappy daemon.
[[0;32m  OK  [0m] Started vboxadd-x11.service.
[[0;32m  OK  [0m] Started /etc/rc.local Compatibility.
[[0;32m  OK  [0m] Started LXD - container startup/shutdown.
[[0;32m  OK  [0m] Started Login to default iSCSI targets.
[[0;32m  OK  [0m] Started vboxadd.service.
[[0;32m  OK  [0m] Started LSB: MD monitoring daemon.
[[0;32m  OK  [0m] Started LSB: Record successful boot for GRUB.
[[0;32m  OK  [0m] Started Login Service.
         Starting Authenticate and Authorize Users to Run Privileged Tasks...
         Starting vboxadd-service.service...
[[0;32m  OK  [0m] Reached target Remote File Systems (Pre).
[[0;32m  OK  [0m] Reached target Remote File Systems.
[   21.018368] cloud-init[1177]: Cloud-init v. 17.2 running 'modules:config' at Wed, 18 Apr 2018 00:08:31 +0000. Up 20.72 seconds.
         Starting LSB: automatic crash report generation...
         Starting LSB: Set the CPU Frequency Scaling governor to "ondemand"...
         Starting LSB: daemon to balance interrupts for SMP systems...
         Starting LSB: Postfix Mail Transport Agent...
         Starting Permit User Sessions...
[[0;32m  OK  [0m] Started Apply the settings specified in cloud-config.
[[0;32m  OK  [0m] Started vboxadd-service.service.
[[0;32m  OK  [0m] Started Permit User Sessions.
[[0;32m  OK  [0m] Started Authenticate and Authorize Users to Run Privileged Tasks.
[[0;32m  OK  [0m] Started Accounts Service.
[[0;32m  OK  [0m] Started LSB: Set the CPU Frequency Scaling governor to "ondemand".
[[0;32m  OK  [0m] Started LSB: automatic crash report generation.
[[0;32m  OK  [0m] Created slice User Slice of vagrant.
[[0;32m  OK  [0m] Started Session 1 of user vagrant.
         Starting User Manager for UID 1000...
         Starting Hold until boot process finishes up...
         Starting Terminate Plymouth Boot Screen...
[[0;32m  OK  [0m] Started User Manager for UID 1000.
[[0;32m  OK  [0m] Started LSB: daemon to balance interrupts for SMP systems.
[[0;32m  OK  [0m] Started Hold until boot process finishes up.
[[0;32m  OK  [0m] Started Terminate Plymouth Boot Screen.
         Starting Set console scheme...
[[0;32m  OK  [0m] Started Serial Getty on ttyS0.
[[0;32m  OK  [0m] Started Getty on tty1.
[[0;32m  OK  [0m] Reached target Login Prompts.
[[0;32m  OK  [0m] Started Set console scheme.
[[0;32m  OK  [0m] Started LSB: Postfix Mail Transport Agent.
[[0;32m  OK  [0m] Reached target Multi-User System.
         Starting Execute cloud user/final scripts...
[[0;32m  OK  [0m] Reached target Graphical Interface.
         Starting Update UTMP about System Runlevel Changes...
[[0;32m  OK  [0m] Reached target Mail Transport Agent.
[[0;32m  OK  [0m] Started Update UTMP about System Runlevel Changes.
[   22.596645] cloud-init[1514]: Cloud-init v. 17.2 running 'modules:final' at Wed, 18 Apr 2018 00:08:33 +0000. Up 22.39 seconds.
[   22.609335] cloud-init[1514]: Cloud-init v. 17.2 finished at Wed, 18 Apr 2018 00:08:33 +0000. Datasource DataSourceNoCloud [seed=/dev/sdb][dsmode=net].  Up 22.58 seconds
[[0;32m  OK  [0m] Started Execute cloud user/final scripts.
[[0;32m  OK  [0m] Reached target Cloud-init target.

Ubuntu 16.04.4 LTS ubuntu-xenial ttyS0

ubuntu-xenial login: 